npm warn Unknown env config "http-proxy". This will stop working in the next major version of npm.

> note-app@0.1.0 check
> npm run typecheck && npm test && npm run build

npm warn Unknown env config "http-proxy". This will stop working in the next major version of npm.

> note-app@0.1.0 typecheck
> vue-tsc --noEmit

npm warn Unknown env config "http-proxy". This will stop working in the next major version of npm.

> note-app@0.1.0 test
> vitest run --root . tests/unit


 RUN  v4.1.11 /workspace/scratch/5a42b5329b35/note-app


 Test Files  3 passed (3)
      Tests  49 passed (49)
   Start at  02:16:07
   Duration  382ms (transform 280ms, setup 0ms, import 419ms, tests 88ms, environment 2ms)

npm warn Unknown env config "http-proxy". This will stop working in the next major version of npm.

> note-app@0.1.0 build
> node scripts/build.mjs

vite v7.3.6 building client environment for production...
transforming...
✓ 191 modules transformed.
rendering chunks...
computing gzip size...
../../dist/renderer/index.html                   0.60 kB │ gzip:  0.40 kB
../../dist/renderer/assets/index-CEobq2XH.css    9.13 kB │ gzip:  2.79 kB
../../dist/renderer/assets/index-CuJ6k3jV.js   344.93 kB │ gzip: 87.93 kB
✓ built in 1.28s
