npm warn Unknown env config "http-proxy". This will stop working in the next major version of npm.

> note-app@0.1.0 test:electron:collectors
> node scripts/build-collector-test.mjs && node tests/electron/collector-smoke.mjs

{
  "status": "passed",
  "observedAt": "2026-10-02T18:13:29.923Z",
  "codeIdentity": {
    "commit": "f82220b3694f71a96d79c94ec63ea452bcd1b15f",
    "workingTreeClean": true,
    "workingTreeStatus": "",
    "buildHash": "62f574e9594331cdbe0526eb6494e18d6f215a2cfa40a821eaf38514c3d4152f",
    "files": {
      "dist/electron-tests/collector-main.cjs": "972788f26dfe05e2adf4a55feb6671963315567dba2461a5dcbeaf60c3382ea6",
      "dist/electron-tests/collector-main.cjs.map": "10aec1743a65abc5aec694d21df2ba7cfdcd56e8f10b6d735907ecfd6941370c",
      "dist/electron-tests/polling-main.cjs": "e64be5e02fc317a84d00c323b071b4d41d106906f2239b037c443dfa45dedf87",
      "dist/electron-tests/polling-main.cjs.map": "6d5781a8ba0cfa6ea63b96741493fb6d59f2fac7a1ec32cc411dac394bc49d7a",
      "dist/electron-tests/polling-preload.cjs": "0aefa78fb2da0cc5eeb54e7868a6b61f2147d4b51380bfebc376d79b54754547",
      "dist/electron-tests/preload.cjs": "4f0ff583c843bcb1784e44cdc0f82e357a7468039aeb4db916e570a08889a49f",
      "dist/main/index.cjs": "a2470b168a51009c8a60942255623125dc5df01f0a459fe54210224790a44688",
      "dist/main/index.cjs.map": "53ea0b965651701c2e60666d3e941d84c4e07cb88e309dcb1297ec7cc0d2dc0c",
      "dist/preload/index.cjs": "60afd8e01dc17d65080bfad1a599a47fe0fbe6eb851aa1be2b95e8051c9e9a35",
      "dist/preload/index.cjs.map": "cbdecdf8e8a578dd0df2b15dfc12b2d632faee96da47a5c8a41cf2673f1e4fe3",
      "dist/renderer/assets/index-CUy2PArl.css": "4e2d909978177fe1852d2d20121b1f3a6fb5b3df69424795a7a29d99109fb558",
      "dist/renderer/assets/index-Ciz47GA1.js": "36373508885f07a555f5366c3c63079f71ad313a93d7b4d6052eb69dafcd1df5",
      "dist/renderer/index.html": "4cfcf7963b36fbb97979c8f9225f4db0353c118e98650fae95a7513ce7ae5841"
    }
  },
  "checks": [
    "Real synthetic subprocess with fixed Orca argv; projected sensitive fields discarded; two temporary worktrees share one canonical DAG; project completeness stays unknown",
    "Missing note remains unresolved while mapped worktree is retained",
    "Access denied stays explicit failure, not empty success; raw error body does not escape",
    "Long-running subprocess does not block window interaction/IPC; overlap rejected; cancellation settles and cleans process",
    "Retry succeeds; owned temporary filesystem fixtures cleaned; tracked Electron processes exit"
  ],
  "normal": {
    "ok": true,
    "scenario": "normal",
    "runtimeId": "runtime-synthetic",
    "worktrees": 1,
    "projectCoverage": "unknown",
    "processCoverage": "complete",
    "mappingStatus": "complete",
    "canonicalDags": 1,
    "linkedWorktrees": 2,
    "unresolved": [],
    "filesystemOperations": 60,
    "privatePayloadDiscarded": true,
    "existingLinkUnchanged": true,
    "noteBytesUnchanged": true,
    "scope": "Synthetic executable and temporary filesystem inside actual Linux Electron; not real Orca or macOS"
  },
  "missing": {
    "ok": true,
    "scenario": "missing",
    "runtimeId": "runtime-synthetic",
    "worktrees": 1,
    "projectCoverage": "unknown",
    "processCoverage": "complete",
    "mappingStatus": "partial",
    "canonicalDags": 1,
    "linkedWorktrees": 1,
    "unresolved": [
      "note-missing"
    ],
    "filesystemOperations": 46,
    "privatePayloadDiscarded": true,
    "existingLinkUnchanged": true,
    "noteBytesUnchanged": true,
    "scope": "Synthetic executable and temporary filesystem inside actual Linux Electron; not real Orca or macOS"
  },
  "denied": {
    "ok": false,
    "kind": "access_denied",
    "message": "Access to the Orca runtime was denied."
  },
  "scope": "Actual Linux Electron integration harness with synthetic CLI and real temporary filesystem; not real Orca, user notes, product read-model UI, native macOS or packaged .app",
  "visualReview": "Pending separate image opening"
}
