npm warn Unknown env config "http-proxy". This will stop working in the next major version of npm.

> note-app@0.1.0 check
> npm run typecheck && npm test && npm run build

npm warn Unknown env config "http-proxy". This will stop working in the next major version of npm.

> note-app@0.1.0 typecheck
> vue-tsc --noEmit

npm warn Unknown env config "http-proxy". This will stop working in the next major version of npm.

> note-app@0.1.0 test
> vitest run --root . tests/unit


 RUN  v4.1.11 /workspace/scratch/5a42b5329b35/note-app


 Test Files  16 passed (16)
      Tests  375 passed | 3 skipped (378)
   Start at  04:35:39
   Duration  5.28s (transform 1.21s, setup 0ms, import 1.68s, tests 14.29s, environment 7ms)

npm notice
npm notice New major version of npm available! 11.9.0 -> 12.2.0
npm notice Changelog: https://github.com/npm/cli/releases/tag/v12.2.0
npm notice To update run: npm install -g npm@12.2.0
npm notice
npm warn Unknown env config "http-proxy". This will stop working in the next major version of npm.

> note-app@0.1.0 build
> node scripts/build.mjs

vite v7.3.6 building client environment for production...
transforming...
✓ 193 modules transformed.
rendering chunks...
computing gzip size...
../../dist/renderer/index.html                   0.60 kB │ gzip:  0.40 kB
../../dist/renderer/assets/index-CUy2PArl.css    9.26 kB │ gzip:  2.83 kB
../../dist/renderer/assets/index-Ciz47GA1.js   345.62 kB │ gzip: 88.11 kB
✓ built in 1.08s
npm notice
npm notice New major version of npm available! 11.9.0 -> 12.2.0
npm notice Changelog: https://github.com/npm/cli/releases/tag/v12.2.0
npm notice To update run: npm install -g npm@12.2.0
npm notice
