npm warn Unknown env config "http-proxy". This will stop working in the next major version of npm.

> note-app@0.1.0 check
> npm run typecheck && npm test && npm run build

npm warn Unknown env config "http-proxy". This will stop working in the next major version of npm.

> note-app@0.1.0 typecheck
> vue-tsc --noEmit

npm warn Unknown env config "http-proxy". This will stop working in the next major version of npm.

> note-app@0.1.0 test
> vitest run --root . tests/unit


 RUN  v4.1.11 /workspace/scratch/5a42b5329b35/prefix-validation-20261007/repo


 Test Files  66 passed (66)
      Tests  1395 passed (1395)
   Start at  02:55:53
   Duration  11.19s (transform 4.26s, setup 0ms, import 5.82s, tests 50.39s, environment 28ms)

npm warn Unknown env config "http-proxy". This will stop working in the next major version of npm.

> note-app@0.1.0 build
> node scripts/build.mjs

vite v7.3.6 building client environment for production...
transforming...
✓ 311 modules transformed.
rendering chunks...
computing gzip size...
../../dist/renderer/index.html                   0.60 kB │ gzip:   0.40 kB
../../dist/renderer/assets/index-8exGrR8l.css   40.19 kB │ gzip:   7.98 kB
../../dist/renderer/assets/index-CX0BF2A7.js   781.21 kB │ gzip: 209.51 kB

(!) Some chunks are larger than 500 kB after minification. Consider:
- Using dynamic import() to code-split the application
- Use build.rollupOptions.output.manualChunks to improve chunking: https://rollupjs.org/configuration-options/#output-manualchunks
- Adjust chunk size limit for this warning via build.chunkSizeWarningLimit.
✓ built in 2.50s
