npm warn Unknown env config "http-proxy". This will stop working in the next major version of npm.

> note-app@0.1.0 check
> npm run typecheck && npm test && npm run build

npm warn Unknown env config "http-proxy". This will stop working in the next major version of npm.

> note-app@0.1.0 typecheck
> vue-tsc --noEmit

npm warn Unknown env config "http-proxy". This will stop working in the next major version of npm.

> note-app@0.1.0 test
> vitest run --root . tests/unit


 RUN  v4.1.11 /workspace/scratch/5a42b5329b35/recovery_scope_20261005/inspection


 Test Files  28 passed (28)
      Tests  721 passed (721)
   Start at  23:01:56
   Duration  7.09s (transform 3.53s, setup 0ms, import 4.02s, tests 26.76s, environment 13ms)

npm notice
npm notice New major version of npm available! 11.9.0 -> 12.2.0
npm notice Changelog: https://github.com/npm/cli/releases/tag/v12.2.0
npm notice To update run: npm install -g npm@12.2.0
npm notice
npm warn Unknown env config "http-proxy". This will stop working in the next major version of npm.

> note-app@0.1.0 build
> node scripts/build.mjs

vite v7.3.6 building client environment for production...
transforming...
✓ 213 modules transformed.
rendering chunks...
computing gzip size...
../../dist/renderer/index.html                   0.60 kB │ gzip:   0.40 kB
../../dist/renderer/assets/index-zfa8Kg1_.css   19.50 kB │ gzip:   5.08 kB
../../dist/renderer/assets/index-_g_GvVqa.js   411.19 kB │ gzip: 106.42 kB
✓ built in 1.37s
npm notice
npm notice New major version of npm available! 11.9.0 -> 12.2.0
npm notice Changelog: https://github.com/npm/cli/releases/tag/v12.2.0
npm notice To update run: npm install -g npm@12.2.0
npm notice
